[
  {
    "layout": "title-and-body-3col",
    "titles": [
      "CAP theorem"
    ],
    "subtitles": [
      "In Database theory",
      "Consistency",
      "Availability",
      "Partition tolerance"
    ],
    "bodies": [
      {
        "paragraphs": [
          {
            "fragments": [
              {
                "value": "Every read receives the most recent write or an error."
              }
            ]
          }
        ]
      },
      {
        "paragraphs": [
          {
            "fragments": [
              {
                "value": "Every request received by a non-failing node in the system must result in a response."
              }
            ]
          }
        ]
      },
      {
        "paragraphs": [
          {
            "fragments": [
              {
                "value": "The system continues to operate despite an arbitrary number of messages being dropped (or delayed) by the network between nodes."
              }
            ]
          }
        ]
      }
    ]
  }
]