[
  {
    "layout": "",
    "titles": [
      "Title"
    ]
  },
  {
    "layout": "",
    "titles": [
      "Title"
    ]
  }
]