[
  {
    "layout": "",
    "titles": [
      "Title"
    ],
    "bodies": [
      {
        "paragraphs": [
          {
            "fragments": [
              {
                "value": "C",
                "bold": true,
                "softLineBreak": true
              },
              {
                "value": "D"
              }
            ]
          },
          {
            "fragments": [
              {
                "value": "A"
              }
            ],
            "bullet": "-"
          },
          {
            "fragments": [
              {
                "value": "B"
              }
            ],
            "bullet": "-"
          }
        ]
      }
    ]
  }
]